FAILED: Error in semantic analysis: line 2:52 Invalid Column Reference key
