FAILED: Error in semantic analysis: line 5:12 Invalid Table Alias b
